I'm sorry, but errors were detected in your script. Please correct the
errors listed below, and try again.


File "game/screens.rpy", line 277: expected a keyword argument, colon, or end of line.
    text "  +  [result.skill] [result.skill_rank]" color gui.text_colorsize 20
                                                                            ^

Ren'Py Version: Ren'Py 8.5.3.26051504
Thu Jun 11 15:48:44 2026
